  Backtest CPAMP 2023-2024 - Caso HIB 25x35 NEWAVE 01/2023                        
     VIOLACAO DE EVAPORACAO COM SINAL NEGATIVO (hm3)       USINA:JIRAU                                   

     ANO: 2023
                    1        2        3        4        5        6        7        8        9       10       11       12      MEDIA 
     1              -        -        -        -        -        -        -        -        -        -        -        -        -  
     2              -        -        -        -        -        -        -        -        -        -        -        -        -  
     3              -        -        -        -        -        -        -        -        -        -        -        -        -  
     4              -        -        -        -        -        -        -        -        -        -        -        -        -  
     5              -        -        -        -        -        -        -        -        -        -        -        -        -  
     6              -        -        -        -        -        -        -        -        -        -        -        -        -  
     7              -        -        -        -        -        -        -        -        -        -        -        -        -  
  MEDIA             -        -        -        -        -        -        -        -        -        -        -        -        -  
  DPADRAO           -        -        -        -        -        -        -        -        -        -        -        -  
  MIN               -        -        -        -        -        -        -        -        -        -        -        -  
  P5                -        -        -        -        -        -        -        -        -        -        -        -  
  P95               -        -        -        -        -        -        -        -        -        -        -        -  
  MAX               -        -        -        -        -        -        -        -        -        -        -        -  

     ANO: 2024
                    1        2        3        4        5        6        7        8        9       10       11       12      MEDIA 
     1              -        -        -        -        -        -        -        -        -        -        -        -        -  
     2              -        -        -        -        -        -        -        -        -        -        -        -        -  
     3              -        -        -        -        -        -        -        -        -        -        -        -        -  
     4              -        -        -        -        -        -        -        -        -        -        -        -        -  
     5              -        -        -        -        -        -        -        -        -        -        -        -        -  
     6              -        -        -        -        -        -        -        -        -        -        -        -        -  
     7              -        -        -        -        -        -        -        -        -        -        -        -        -  
  MEDIA             -        -        -        -        -        -        -        -        -        -        -        -        -  
  DPADRAO           -        -        -        -        -        -        -        -        -        -        -        -  
  MIN               -        -        -        -        -        -        -        -        -        -        -        -  
  P5                -        -        -        -        -        -        -        -        -        -        -        -  
  P95               -        -        -        -        -        -        -        -        -        -        -        -  
  MAX               -        -        -        -        -        -        -        -        -        -        -        -  

     ANO: 2025
                    1        2        3        4        5        6        7        8        9       10       11       12      MEDIA 
     1              -        -        -        -        -        -        -        -        -        -        -        -        -  
     2              -        -        -        -        -        -        -        -        -        -        -        -        -  
     3              -        -        -        -        -        -        -        -        -        -        -        -        -  
     4              -        -        -        -        -        -        -        -        -        -        -        -        -  
     5              -        -        -        -        -        -        -        -        -        -        -        -        -  
     6              -        -        -        -        -        -        -        -        -        -        -        -        -  
     7              -        -        -        -        -        -        -        -        -        -        -        -        -  
  MEDIA             -        -        -        -        -        -        -        -        -        -        -        -        -  
  DPADRAO           -        -        -        -        -        -        -        -        -        -        -        -  
  MIN               -        -        -        -        -        -        -        -        -        -        -        -  
  P5                -        -        -        -        -        -        -        -        -        -        -        -  
  P95               -        -        -        -        -        -        -        -        -        -        -        -  
  MAX               -        -        -        -        -        -        -        -        -        -        -        -  

     ANO: 2026
                    1        2        3        4        5        6        7        8        9       10       11       12      MEDIA 
     1              -        -        -        -        -        -        -        -        -        -        -        -        -  
     2              -        -        -        -        -        -        -        -        -        -        -        -        -  
     3              -        -        -        -        -        -        -        -        -        -        -        -        -  
     4              -        -        -        -        -        -        -        -        -        -        -        -        -  
     5              -        -        -        -        -        -        -        -        -        -        -        -        -  
     6              -        -        -        -        -        -        -        -        -        -        -        -        -  
     7              -        -        -        -        -        -        -        -        -        -        -        -        -  
  MEDIA             -        -        -        -        -        -        -        -        -        -        -        -        -  
  DPADRAO           -        -        -        -        -        -        -        -        -        -        -        -  
  MIN               -        -        -        -        -        -        -        -        -        -        -        -  
  P5                -        -        -        -        -        -        -        -        -        -        -        -  
  P95               -        -        -        -        -        -        -        -        -        -        -        -  
  MAX               -        -        -        -        -        -        -        -        -        -        -        -  

     ANO: 2027
                    1        2        3        4        5        6        7        8        9       10       11       12      MEDIA 
     1              -        -        -        -        -        -        -        -        -        -        -        -        -  
     2              -        -        -        -        -        -        -        -        -        -        -        -        -  
     3              -        -        -        -        -        -        -        -        -        -        -        -        -  
     4              -        -        -        -        -        -        -        -        -        -        -        -        -  
     5              -        -        -        -        -        -        -        -        -        -        -        -        -  
     6              -        -        -        -        -        -        -        -        -        -        -        -        -  
     7              -        -        -        -        -        -        -        -        -        -        -        -        -  
  MEDIA             -        -        -        -        -        -        -        -        -        -        -        -        -  
  DPADRAO           -        -        -        -        -        -        -        -        -        -        -        -  
  MIN               -        -        -        -        -        -        -        -        -        -        -        -  
  P5                -        -        -        -        -        -        -        -        -        -        -        -  
  P95               -        -        -        -        -        -        -        -        -        -        -        -  
  MAX               -        -        -        -        -        -        -        -        -        -        -        -  
