  Caso Teste                        
     ACIONAMENTO MECANISMO AVERSAO RISCO                   REE:MAN-AP                                    

     ANO: 2023
              1        2        3        4        5        6        7        8        9       10       11       12      TOTAL 
     1        0        0        0        0        0        0        0        0        0        0        0        0        0
     2        0        0        0        0        0        0        0        0        0        0        0        0        0
     3        0        0        0        0        0        0        0        0        0        0        0        0        0
     4        0        0        0        0        0        0        0        0        0        0        0        0        0
     5        0        0        0        0        0        0        0        0        0        0        0        0        0
     6        0        0        0        0        0        0        0        0        0        0        0        0        0
     7        0        0        0        0        0        0        0        0        0        0        0        0        0
 TOTAL        0        0        0        0        0        0        0        0        0        0        0        0        0

     ANO: 2024
              1        2        3        4        5        6        7        8        9       10       11       12      TOTAL 
     1        0        0        0        0        0        0        0        0        0        0        0        0        0
     2        0        0        0        0        0        0        0        0        0        0        0        0        0
     3        0        0        0        0        0        0        0        0        0        0        0        0        0
     4        0        0        0        0        0        0        0        0        0        0        0        0        0
     5        0        0        0        0        0        0        0        0        0        0        0        0        0
     6        0        0        0        0        0        0        0        0        0        0        0        0        0
     7        0        0        0        0        0        0        0        0        0        0        0        0        0
 TOTAL        0        0        0        0        0        0        0        0        0        0        0        0        0

     ANO: 2025
              1        2        3        4        5        6        7        8        9       10       11       12      TOTAL 
     1        0        0        0        0        0        0        0        0        0        0        0        0        0
     2        0        0        0        0        0        0        0        0        0        0        0        0        0
     3        0        0        0        0        0        0        0        0        0        0        0        0        0
     4        0        0        0        0        0        0        0        0        0        0        0        0        0
     5        0        0        0        0        0        0        0        0        0        0        0        0        0
     6        0        0        0        0        0        0        0        0        0        0        0        0        0
     7        0        0        0        0        0        0        0        0        0        0        0        0        0
 TOTAL        0        0        0        0        0        0        0        0        0        0        0        0        0

     ANO: 2026
              1        2        3        4        5        6        7        8        9       10       11       12      TOTAL 
     1        0        0        0        0        0        0        0        0        0        0        0        0        0
     2        0        0        0        0        0        0        0        0        0        0        0        0        0
     3        0        0        0        0        0        0        0        0        0        0        0        0        0
     4        0        0        0        0        0        0        0        0        0        0        0        0        0
     5        0        0        0        0        0        0        0        0        0        0        0        0        0
     6        0        0        0        0        0        0        0        0        0        0        0        0        0
     7        0        0        0        0        0        0        0        0        0        0        0        0        0
 TOTAL        0        0        0        0        0        0        0        0        0        0        0        0        0

     ANO: 2027
              1        2        3        4        5        6        7        8        9       10       11       12      TOTAL 
     1        0        0        0        0        0        0        0        0        0        0        0        0        0
     2        0        0        0        0        0        0        0        0        0        0        0        0        0
     3        0        0        0        0        0        0        0        0        0        0        0        0        0
     4        0        0        0        0        0        0        0        0        0        0        0        0        0
     5        0        0        0        0        0        0        0        0        0        0        0        0        0
     6        0        0        0        0        0        0        0        0        0        0        0        0        0
     7        0        0        0        0        0        0        0        0        0        0        0        0        0
 TOTAL        0        0        0        0        0        0        0        0        0        0        0        0        0
