  Backtest CPAMP 2023-2024 - Caso HIB 25x35 NEWAVE 10/2023                        
     MERCADO LIQUIDO (MWmes)                               SUBMERCADO:SUL                                

     ANO: 2023
           1        2        3        4        5        6        7        8        9       10       11       12       MEDIA
             0.       0.       0.       0.       0.       0.       0.       0.       0.    9424.   10036.   10396.

     ANO: 2024
           1        2        3        4        5        6        7        8        9       10       11       12       MEDIA
         11446.   11631.   11078.    9842.    9366.    9237.    9427.    9395.    9348.    9401.   10048.   10674.

     ANO: 2025
           1        2        3        4        5        6        7        8        9       10       11       12       MEDIA
         11770.   12145.   11144.   10078.    9591.    9429.    9619.    9591.    9536.    9593.   10274.   10943.

     ANO: 2026
           1        2        3        4        5        6        7        8        9       10       11       12       MEDIA
         12108.   12318.   11730.   10435.    9920.    9758.    9968.    9940.    9887.    9945.   10646.   11332.

     ANO: 2027
           1        2        3        4        5        6        7        8        9       10       11       12       MEDIA
         12527.   12750.   12145.   10810.   10299.   10150.   10366.   10338.   10285.   10347.   11073.   11766.
