  Backtest CPAMP 2023-2024 - Caso HIB 25x35 NEWAVE 01/2023                        
     MERCADO LIQUIDO (MWmes)                               SUBMERCADO:NORTE                              

     ANO: 2023
           1        2        3        4        5        6        7        8        9       10       11       12       MEDIA
          6096.    6311.    6442.    6414.    6451.    6335.    6212.    6383.    6423.    6450.    6427.    6218.

     ANO: 2024
           1        2        3        4        5        6        7        8        9       10       11       12       MEDIA
          6462.    6580.    6739.    6707.    6759.    6641.    6511.    6689.    6736.    6768.    6747.    6532.

     ANO: 2025
           1        2        3        4        5        6        7        8        9       10       11       12       MEDIA
          6658.    6834.    6885.    6911.    6966.    6842.    6709.    6895.    6947.    7158.    7140.    6909.

     ANO: 2026
           1        2        3        4        5        6        7        8        9       10       11       12       MEDIA
          7115.    7246.    7417.    7384.    7444.    7312.    7173.    7379.    7441.    7475.    7456.    7218.

     ANO: 2027
           1        2        3        4        5        6        7        8        9       10       11       12       MEDIA
          7348.    7482.    7656.    7625.    7689.    7540.    7397.    7612.    7688.    7722.    7694.    7450.
