  Backtest CPAMP 2023-2024 - Caso HIB 25x35 NEWAVE 01/2023                        
     MERCADO LIQUIDO (MWmes)                               SUBMERCADO:NORDESTE                           

     ANO: 2023
           1        2        3        4        5        6        7        8        9       10       11       12       MEDIA
          2109.    4384.    4694.    3093.    1118.   -1119.   -3450.   -5118.   -4986.   -3099.      60.     368.

     ANO: 2024
           1        2        3        4        5        6        7        8        9       10       11       12       MEDIA
          1233.    2294.    1972.     907.   -1182.   -3482.   -6242.   -8610.   -8589.   -6037.   -2270.   -1811.

     ANO: 2025
           1        2        3        4        5        6        7        8        9       10       11       12       MEDIA
          -254.    1083.     843.    -210.   -2425.   -5036.   -7957.   -9972.   -9580.   -6803.   -2774.   -2195.

     ANO: 2026
           1        2        3        4        5        6        7        8        9       10       11       12       MEDIA
          -822.     722.     683.    -429.   -2565.   -5014.   -7954.  -10128.   -9776.   -6926.   -2699.   -2123.

     ANO: 2027
           1        2        3        4        5        6        7        8        9       10       11       12       MEDIA
          -454.    1089.    1049.     -58.   -2210.   -4708.   -7701.   -9742.   -9365.   -6492.   -2298.   -1696.
