  Backtest CPAMP 2023-2024 - Caso HIB 25x35 NEWAVE 10/2023                        
     MERCADO LIQUIDO (MWmes)                               SUBMERCADO:SUDESTE                            

     ANO: 2023
           1        2        3        4        5        6        7        8        9       10       11       12       MEDIA
             0.       0.       0.       0.       0.       0.       0.       0.       0.   37825.   37606.   38821.

     ANO: 2024
           1        2        3        4        5        6        7        8        9       10       11       12       MEDIA
         41279.   40707.   40204.   35858.   33577.   33051.   32940.   33518.   35790.   36462.   36593.   38357.

     ANO: 2025
           1        2        3        4        5        6        7        8        9       10       11       12       MEDIA
         41938.   41968.   40053.   36140.   33847.   33355.   33233.   34006.   36359.   37278.   37475.   39318.

     ANO: 2026
           1        2        3        4        5        6        7        8        9       10       11       12       MEDIA
         42963.   42477.   41855.   37249.   34944.   34435.   34308.   35071.   37518.   38469.   38657.   40536.

     ANO: 2027
           1        2        3        4        5        6        7        8        9       10       11       12       MEDIA
         44304.   43772.   43161.   38431.   36101.   35578.   35491.   36229.   38763.   39747.   39940.   41824.
