  Caso Teste                        
     MERCADO LIQUIDO DO SIN (MWmes)                                                                      

     ANO: 2023
           1        2        3        4        5        6        7        8        9       10       11       12       MEDIA
             0.       0.       0.       0.       0.       0.       0.       0.       0.   50979.   54205.   55652.

     ANO: 2024
           1        2        3        4        5        6        7        8        9       10       11       12       MEDIA
         60315.   61370.   59738.   52871.   48065.   45277.   42871.   41153.   43643.   46971.   51138.   53898.

     ANO: 2025
           1        2        3        4        5        6        7        8        9       10       11       12       MEDIA
         59910.   62263.   58549.   52360.   47410.   44319.   41751.   40588.   43529.   47492.   52001.   55018.

     ANO: 2026
           1        2        3        4        5        6        7        8        9       10       11       12       MEDIA
         61192.   62880.   61339.   54098.   49185.   46246.   43688.   42375.   45410.   49323.   54026.   57089.

     ANO: 2027
           1        2        3        4        5        6        7        8        9       10       11       12       MEDIA
         63468.   65136.   63577.   56170.   51221.   48270.   45719.   44522.   47658.   51627.   56374.   59443.
