  Caso Teste                        
     CUSTO DE PENALIDADE POR INVASAO DO MAR ($)            REE:NORDESTE                                  
 TABELA TEMPORARIAMENTE INDISPONIVEL.
 TABELA TEMPORARIAMENTE INDISPONIVEL.
 TABELA TEMPORARIAMENTE INDISPONIVEL.
 TABELA TEMPORARIAMENTE INDISPONIVEL.
 TABELA TEMPORARIAMENTE INDISPONIVEL.
