  Caso Teste                        
     CUSTO DE PENALIDADE POR INVASAO DO MAR ($)            REE:BMONTE                                    
 TABELA TEMPORARIAMENTE INDISPONIVEL.
 TABELA TEMPORARIAMENTE INDISPONIVEL.
 TABELA TEMPORARIAMENTE INDISPONIVEL.
 TABELA TEMPORARIAMENTE INDISPONIVEL.
 TABELA TEMPORARIAMENTE INDISPONIVEL.
