  Caso Teste                        
     CUSTO DE PENALIDADE POR INVASAO DO MAR ($)            REE:SUDESTE                                   
 TABELA TEMPORARIAMENTE INDISPONIVEL.
 TABELA TEMPORARIAMENTE INDISPONIVEL.
 TABELA TEMPORARIAMENTE INDISPONIVEL.
 TABELA TEMPORARIAMENTE INDISPONIVEL.
 TABELA TEMPORARIAMENTE INDISPONIVEL.
