  Caso Teste                        
     CUSTO DE PENALIDADE POR INVASAO DO MAR ($)            REE:TPIRES                                    
 TABELA TEMPORARIAMENTE INDISPONIVEL.
 TABELA TEMPORARIAMENTE INDISPONIVEL.
 TABELA TEMPORARIAMENTE INDISPONIVEL.
 TABELA TEMPORARIAMENTE INDISPONIVEL.
 TABELA TEMPORARIAMENTE INDISPONIVEL.
