  Backtest CPAMP 2023-2024 - Caso HIB 25x35 NEWAVE 01/2023                        
     CUSTO DE PENALIDADE POR INVASAO DO MAR ($)            REE:IGUACU                                    
 TABELA TEMPORARIAMENTE INDISPONIVEL.
 TABELA TEMPORARIAMENTE INDISPONIVEL.
 TABELA TEMPORARIAMENTE INDISPONIVEL.
 TABELA TEMPORARIAMENTE INDISPONIVEL.
 TABELA TEMPORARIAMENTE INDISPONIVEL.
