  Caso Teste                        
     CUSTO DE PENALIDADE POR INVASAO DO MAR ($)            REE:SUL                                       
 TABELA TEMPORARIAMENTE INDISPONIVEL.
 TABELA TEMPORARIAMENTE INDISPONIVEL.
 TABELA TEMPORARIAMENTE INDISPONIVEL.
 TABELA TEMPORARIAMENTE INDISPONIVEL.
 TABELA TEMPORARIAMENTE INDISPONIVEL.
